I'm sorry, but errors were detected in your script. Please correct the
errors listed below, and try again.


File "game/screens.rpy", line 253: 'Skip' is not a keyword argument or valid child of the imagebutton statement.
    imagebutton auto "gui/OptSkip_%s.png" Skip() alternate Skip(fast=True, confirm=True)
                                              ^

Ren'Py Version: Ren'Py 8.5.0.25111603
Thu Dec 18 05:53:04 2025
